[backblue.gif]
[fade.gif]
[index.html]
[pagead2.googlesyndication.com/pagead/js/f21b9.txt]
[www.topcreativeformat.com/05445da9c18d516c18d167071f3d3de2/invoke.js]
[cdnjs.cloudflare.com/ajax/libs/font-awesome/5.15.3/css/all.min.css]
[www.topcreativeformat.com/30ffc7f8676446fbe1e8d8df5b37da1d/invoke.js]
[newfreetool.com/public/assets/frontend/js/jquery-3.7.1.min.js]
[newfreetool.com/public/assets/plugins/bootstrap/js/bootstrap.min.js]
[newfreetool.com/public/assets/frontend/js/custom.js]
[newfreetool.com/en/home.html]
[www.googletagmanager.com/gtm5445.html]
[cdnjs.cloudflare.com/ajax/libs/toastr.js/latest/toastr.min.js]
[newfreetool.com/public/assets/frontend/fonts/fontawesome/webfonts/fa-brands-400.eot]
[newfreetool.com/public/assets/frontend/fonts/fontawesome/webfonts/fa-brands-400d41dd41dd41d.eot]
[newfreetool.com/public/assets/frontend/fonts/fontawesome/webfonts/fa-brands-400.woff2]
[newfreetool.com/public/assets/frontend/fonts/fontawesome/webfonts/fa-brands-400.woff]
[newfreetool.com/public/assets/frontend/fonts/fontawesome/webfonts/fa-brands-400.ttf]
[newfreetool.com/public/assets/frontend/fonts/fontawesome/webfonts/fa-regular-400.eot]
[newfreetool.com/public/assets/frontend/fonts/fontawesome/webfonts/fa-regular-400d41dd41dd41d.eot]
[newfreetool.com/public/assets/frontend/fonts/fontawesome/webfonts/fa-regular-400.woff2]
[newfreetool.com/public/assets/frontend/fonts/fontawesome/webfonts/fa-regular-400.woff]
[newfreetool.com/public/assets/frontend/fonts/fontawesome/webfonts/fa-regular-400.ttf]
[newfreetool.com/public/assets/frontend/fonts/fontawesome/webfonts/fa-solid-900.eot]
[newfreetool.com/public/assets/frontend/fonts/fontawesome/webfonts/fa-solid-900d41dd41dd41d.eot]
[newfreetool.com/public/assets/frontend/fonts/fontawesome/webfonts/fa-solid-900.woff2]
[newfreetool.com/public/assets/frontend/fonts/fontawesome/webfonts/fa-solid-900.woff]
[newfreetool.com/public/assets/frontend/fonts/fontawesome/webfonts/fa-solid-900.ttf]
[newfreetool.com/public/assets/frontend/fonts/fontawesome/fontawesome-all.min.css]
[newfreetool.com/public/assets/frontend/vendor/bootstrap/css/bootstrap.min.css]
[newfreetool.com/public/assets/frontend/img/ornaments/numbers1.png]
[newfreetool.com/public/assets/frontend/img/ornaments/numbers2.png]
[newfreetool.com/public/assets/frontend/img/ornaments/doodlesbg.png]
[newfreetool.com/public/assets/frontend/img/call-to-action/counterbg.jpg]
[newfreetool.com/public/assets/frontend/img/ornaments/childrenbg.png]
[newfreetool.com/public/assets/frontend/img/call-to-action/callout.jpg]
[newfreetool.com/public/assets/frontend/img/call-to-action/enroll.png]
[newfreetool.com/public/assets/frontend/img/ornaments/ornament1.png]
[newfreetool.com/public/assets/frontend/img/ornaments/ornament2.png]
[newfreetool.com/public/assets/frontend/img/ornaments/ornament3.png]
[newfreetool.com/public/assets/frontend/img/ornaments/pattern2.png]
[newfreetool.com/public/assets/frontend/img/jumbotron.jpg]
[newfreetool.com/public/assets/frontend/css/style.css]
[newfreetool.com/public/assets/frontend/css/custom.css]
[newfreetool.com/public/assets/frontend/styles/maincolors.css]
[newfreetool.com/public/assets/frontend/styles/preschool.css]
[newfreetool.com/en/email-validator.html]
[newfreetool.com/public/assets/frontend/js/cropper.min.js]
[newfreetool.com/en/online-image-cropper.html]
[newfreetool.com/en/dns-lookup.html]
[newfreetool.com/public/assets/img/Spinner.gif]
[newfreetool.com/en/compress-image.html]
[newfreetool.com/en/random-password-generator.html]
[newfreetool.com/en/json-formatter.html]
[newfreetool.com/en/css-formatter.html]
[code.jquery.com/jquery-3.6.4.min.js]
[cdnjs.cloudflare.com/ajax/libs/js-beautify/1.14.11/beautify.js]
[cdnjs.cloudflare.com/ajax/libs/js-beautify/1.14.11/beautify-css.js]
[cdnjs.cloudflare.com/ajax/libs/js-beautify/1.14.11/beautify-html.js]
[cdnjs.cloudflare.com/ajax/libs/jquery-toast-plugin/1.3.2/jquery.toast.min.css]
[cdnjs.cloudflare.com/ajax/libs/jquery-toast-plugin/1.3.2/jquery.toast.min.js]
[newfreetool.com/en/js-formatter.html]
[newfreetool.com/en/code-formatter.html]
[newfreetool.com/en/my-ip.html]
[newfreetool.com/en/uptime-monitor.html]
[newfreetool.com/en/epoch-unix-timestamp-converter.html]
[newfreetool.com/en/convert-png-into-jpg-online.html]
[newfreetool.com/en/dob-calculator.html]
[newfreetool.com/en/ip-lookup.html]
[cdn.jsdelivr.net/npm/toastify-js/src/toastify.min.css]
[newfreetool.com/en/case-converter.html]
[cdn.jsdelivr.net/npm/vue@2.6.14/dist/vue.js]
[newfreetool.com/en/qr-code-scanner.html]
[newfreetool.com/en/binary-translator.html]
[newfreetool.com/en/robots-txt-generator.html]
[newfreetool.com/en/word-counter-online.html]
[newfreetool.com/en/image-converter.html]
[newfreetool.com/en/rgb-to-hex.html]
[newfreetool.com/en/hex-to-rgb.html]
[newfreetool.com/en/convert-mp3-to-wav.html]
[cdn.jsdelivr.net/npm/axios/dist/axios.min.js]
[newfreetool.com/en/convert-mp4-to-mp3.html]
[newfreetool.com/en/password-hash.html]
[newfreetool.com/en/about-us.html]
[newfreetool.com/en/contact-us.html]
[newfreetool.com/en/privacy.html]
[newfreetool.com/en/index.html]
[cdnjs.cloudflare.com/ajax/libs/font-awesome/5.15.3/css/all.min.css]
[newfreetool.com/en/convert-wav-to-mp3.html]
[newfreetool.com/en/jpg-to-pdf-converter.html]
[newfreetool.com/en/ohms-law-calculator.html]
[cdnjs.cloudflare.com/ajax/libs/jspdf/2.3.1/jspdf.umd.min.js]
[cdnjs.cloudflare.com/ajax/libs/jspdf-autotable/3.5.18/jspdf.plugin.autotable.min.js]
[newfreetool.com/en/work-hours-calculator.html]
[newfreetool.com/en/vat-calculator.html]
[newfreetool.com/en/kb-to-mb-converter.html]
[newfreetool.com/en/mb-to-kb-converter.html]
[newfreetool.com/en/interest-rate-calculator.html]
[newfreetool.com/en/sales-tax-calculator.html]
[cdnjs.cloudflare.com/ajax/libs/Sortable/1.14.0/Sortable.min.js]
[cdnjs.cloudflare.com/ajax/libs/vuedraggable/2.24.3/vuedraggable.umd.min.80.delayed]
[newfreetool.com/en/pomodoro-timer.html]
[cdn.jsdelivr.net/npm/recorder-js@latest/dist/recorder.js]
[newfreetool.com/en/voice-recorder.html]
[cdn.jsdelivr.net/npm/select2@4.1.0-beta.1/dist/css/select2.min.css]
[cdnjs.cloudflare.com/ajax/libs/jquery/3.7.1/jquery.min.js]
[newfreetool.com/en/currency-exchange-rate.html]
[cdn.jsdelivr.net/npm/select2@4.1.0-beta.1/dist/js/select2.min.js]
[cdn.jsdelivr.net/npm/vue-toasted/dist/vue-toasted.min.css]
[newfreetool.com/en/sql-formatter.html]
[newfreetool.com/en/terms.html]
[newfreetool.com/en/cookies.html]
[stackpath.bootstrapcdn.com/bootstrap/4.3.1/css/bootstrap.min.css]
[stackpath.bootstrapcdn.com/bootstrap/5.1.3/js/bootstrap.bundle.min.87.delayed]
[newfreetool.com/en/author.html]
[cdn.jsdelivr.net/npm/aos@2.3.4/dist/aos.js]
[newfreetool.com/public/assets/frontend/fonts/fontawesome/webfonts/fa-brands-400.svg]
[newfreetool.com/public/assets/frontend/fonts/fontawesome/webfonts/fa-regular-400.svg]
[newfreetool.com/public/assets/frontend/fonts/fontawesome/webfonts/fa-solid-900.svg]
[newfreetool.com/themes/abctots/img/ornaments/numbers1.html]
[newfreetool.com/themes/abctots/img/ornaments/numbers2.html]
[newfreetool.com/themes/abctots/img/ornaments/doodlesbg.html]
[newfreetool.com/themes/abctots/img/call-to-action/counterbg.html]
[newfreetool.com/themes/abctots/img/ornaments/childrenbg.html]
[newfreetool.com/themes/abctots/img/call-to-action/callout.html]
[newfreetool.com/themes/abctots/img/call-to-action/enroll.html]
[newfreetool.com/themes/abctots/img/example.html]
[newfreetool.com/themes/abctots/img/ornaments/ornament1.html]
[newfreetool.com/themes/abctots/img/ornaments/ornament2.html]
[newfreetool.com/themes/abctots/img/ornaments/ornament3.html]
[newfreetool.com/themes/abctots/img/ornaments/pattern2.html]
[newfreetool.com/themes/abctots/img/jumbotron.html]
[newfreetool.com/public/assets/frontend/css/cropper.min.css]
[newfreetool.com/en/cropped_image.html]
[newfreetool.com/en/generate-password-action.html]
[cdnjs.cloudflare.com/ajax/libs/jquery-toast-plugin/1.3.2/jquery.toast.min.css]
[newfreetool.com/en/converted-image.html]
[newfreetool.com/en/linkshortner.html]
[newfreetool.com/en/calculate-age.html]
[cdn.jsdelivr.net/npm/toastify-js/src/toastify.min.css]
[newfreetool.com/en/converted.html]
[newfreetool.com/en/converted-2.html]
[newfreetool.com/en/work_hours_calculator_results.html]
[newfreetool.com/en/vat_calculator_results.html]
[cdnjs.cloudflare.com/ajax/libs/vuedraggable/2.24.3/vuedraggable.umd.min.html]
[cdn.jsdelivr.net/npm/recorder-js@latest/dist/recorder.js]
[cdn.jsdelivr.net/npm/select2@4.1.0-beta.1/dist/css/select2.min.css]
[cdn.jsdelivr.net/npm/vue-toasted/dist/vue-toasted.min.css]
[stackpath.bootstrapcdn.com/bootstrap/4.3.1/css/bootstrap.min.css]
[stackpath.bootstrapcdn.com/bootstrap/5.1.3/js/bootstrap.bundle.min.js]
